---
source: crates/parser/src/expression.rs
expression: "expression (:: core :: stringify! (1 + 1))"
snapshot_kind: text
---
Binary(Int(1), Plus, Int(1))
